fr/unice/polytech/si3/qgl/qualituriers/engine/exceptions/SailorNotFoundException.class
fr/unice/polytech/si3/qgl/qualituriers/engine/Main.class
fr/unice/polytech/si3/qgl/qualituriers/engine/mechanics/WatchMechanic.class
fr/unice/polytech/si3/qgl/qualituriers/engine/races/Race6.class
fr/unice/polytech/si3/qgl/qualituriers/engine/graphics/Sea/futur/CircleFuturDraw.class
fr/unice/polytech/si3/qgl/qualituriers/engine/graphics/Deck/Deck.class
fr/unice/polytech/si3/qgl/qualituriers/engine/graphics/Sea/futur/PinFuturDraw.class
fr/unice/polytech/si3/qgl/qualituriers/engine/graphics/Deck/DeckCanvas$1.class
fr/unice/polytech/si3/qgl/qualituriers/engine/graphics/Sea/futur/FuturDraw.class
fr/unice/polytech/si3/qgl/qualituriers/engine/graphics/Sea/futur/PolygonFuturDraw.class
fr/unice/polytech/si3/qgl/qualituriers/engine/races/Race7$2.class
fr/unice/polytech/si3/qgl/qualituriers/engine/races/WebRunnerBoat.class
fr/unice/polytech/si3/qgl/qualituriers/engine/graphics/Sea/StreamRendered.class
fr/unice/polytech/si3/qgl/qualituriers/engine/graphics/Sea/PathRenderer.class
fr/unice/polytech/si3/qgl/qualituriers/engine/TurnConfig.class
fr/unice/polytech/si3/qgl/qualituriers/engine/exceptions/SailorAssignmentNotFound.class
fr/unice/polytech/si3/qgl/qualituriers/engine/graphics/Sea/MyCanvas$1.class
fr/unice/polytech/si3/qgl/qualituriers/engine/graphics/Deck/DeckCanvas.class
fr/unice/polytech/si3/qgl/qualituriers/engine/mechanics/Mechanic.class
fr/unice/polytech/si3/qgl/qualituriers/engine/graphics/Sea/ReefRenderer.class
fr/unice/polytech/si3/qgl/qualituriers/engine/graphics/Sea/MyCanvas.class
fr/unice/polytech/si3/qgl/qualituriers/engine/graphics/Sea/Sea.class
fr/unice/polytech/si3/qgl/qualituriers/engine/graphics/Sea/Sea$2.class
fr/unice/polytech/si3/qgl/qualituriers/engine/graphics/Arc.class
fr/unice/polytech/si3/qgl/qualituriers/engine/races/WebRunnerRace.class
fr/unice/polytech/si3/qgl/qualituriers/engine/TurnConfig$1.class
fr/unice/polytech/si3/qgl/qualituriers/engine/graphics/Sea/futur/ShapeFuturDraw.class
fr/unice/polytech/si3/qgl/qualituriers/engine/graphics/Deck/Icons.class
fr/unice/polytech/si3/qgl/qualituriers/engine/races/Race.class
fr/unice/polytech/si3/qgl/qualituriers/engine/mechanics/MovingMechanic.class
fr/unice/polytech/si3/qgl/qualituriers/engine/graphics/Deck/DeckRenderer.class
fr/unice/polytech/si3/qgl/qualituriers/engine/races/Race7$1.class
fr/unice/polytech/si3/qgl/qualituriers/engine/exceptions/WrongSailorMovementException.class
fr/unice/polytech/si3/qgl/qualituriers/engine/graphics/Sea/Sea$1.class
fr/unice/polytech/si3/qgl/qualituriers/engine/races/Race7.class
fr/unice/polytech/si3/qgl/qualituriers/engine/mechanics/LiftMechanic.class
fr/unice/polytech/si3/qgl/qualituriers/engine/races/TestPathfinding.class
fr/unice/polytech/si3/qgl/qualituriers/engine/mechanics/RudderMechanic.class
fr/unice/polytech/si3/qgl/qualituriers/engine/graphics/Sea/CheckpointRenderer.class
fr/unice/polytech/si3/qgl/qualituriers/engine/serializers/BoatEntitySerializer.class
fr/unice/polytech/si3/qgl/qualituriers/engine/graphics/Sea/futur/LineFuturDraw.class
fr/unice/polytech/si3/qgl/qualituriers/engine/serializers/RectangleSerializer.class
fr/unice/polytech/si3/qgl/qualituriers/engine/mechanics/OarMechanic.class
fr/unice/polytech/si3/qgl/qualituriers/engine/graphics/PathRenderer.class
fr/unice/polytech/si3/qgl/qualituriers/engine/graphics/Sea/Sea$3.class
fr/unice/polytech/si3/qgl/qualituriers/engine/graphics/Sea/BoatRenderer.class
