/Users/williamdandrea/Library/Mobile Documents/com~apple~CloudDocs/SI3/S6/QGL/pns-si3-qgl-2021-les_qualituriers/engine/src/main/java/fr/unice/polytech/si3/qgl/qualituriers/engine/races/WebRunnerRace.java
/Users/williamdandrea/Library/Mobile Documents/com~apple~CloudDocs/SI3/S6/QGL/pns-si3-qgl-2021-les_qualituriers/engine/src/main/java/fr/unice/polytech/si3/qgl/qualituriers/engine/mechanics/OarMechanic.java
/Users/williamdandrea/Library/Mobile Documents/com~apple~CloudDocs/SI3/S6/QGL/pns-si3-qgl-2021-les_qualituriers/engine/src/main/java/fr/unice/polytech/si3/qgl/qualituriers/engine/serializers/RectangleSerializer.java
/Users/williamdandrea/Library/Mobile Documents/com~apple~CloudDocs/SI3/S6/QGL/pns-si3-qgl-2021-les_qualituriers/engine/src/main/java/fr/unice/polytech/si3/qgl/qualituriers/engine/graphics/Sea/ReefRenderer.java
/Users/williamdandrea/Library/Mobile Documents/com~apple~CloudDocs/SI3/S6/QGL/pns-si3-qgl-2021-les_qualituriers/engine/src/main/java/fr/unice/polytech/si3/qgl/qualituriers/engine/graphics/Sea/Sea.java
/Users/williamdandrea/Library/Mobile Documents/com~apple~CloudDocs/SI3/S6/QGL/pns-si3-qgl-2021-les_qualituriers/engine/src/main/java/fr/unice/polytech/si3/qgl/qualituriers/engine/graphics/Sea/BoatRenderer.java
/Users/williamdandrea/Library/Mobile Documents/com~apple~CloudDocs/SI3/S6/QGL/pns-si3-qgl-2021-les_qualituriers/engine/src/main/java/fr/unice/polytech/si3/qgl/qualituriers/engine/serializers/BoatEntitySerializer.java
/Users/williamdandrea/Library/Mobile Documents/com~apple~CloudDocs/SI3/S6/QGL/pns-si3-qgl-2021-les_qualituriers/engine/src/main/java/fr/unice/polytech/si3/qgl/qualituriers/engine/graphics/Sea/futur/FuturDraw.java
/Users/williamdandrea/Library/Mobile Documents/com~apple~CloudDocs/SI3/S6/QGL/pns-si3-qgl-2021-les_qualituriers/engine/src/main/java/fr/unice/polytech/si3/qgl/qualituriers/engine/mechanics/Mechanic.java
/Users/williamdandrea/Library/Mobile Documents/com~apple~CloudDocs/SI3/S6/QGL/pns-si3-qgl-2021-les_qualituriers/engine/src/main/java/fr/unice/polytech/si3/qgl/qualituriers/engine/races/Race7.java
/Users/williamdandrea/Library/Mobile Documents/com~apple~CloudDocs/SI3/S6/QGL/pns-si3-qgl-2021-les_qualituriers/engine/src/main/java/fr/unice/polytech/si3/qgl/qualituriers/engine/mechanics/RudderMechanic.java
/Users/williamdandrea/Library/Mobile Documents/com~apple~CloudDocs/SI3/S6/QGL/pns-si3-qgl-2021-les_qualituriers/engine/src/main/java/fr/unice/polytech/si3/qgl/qualituriers/engine/graphics/Sea/StreamRendered.java
/Users/williamdandrea/Library/Mobile Documents/com~apple~CloudDocs/SI3/S6/QGL/pns-si3-qgl-2021-les_qualituriers/engine/src/main/java/fr/unice/polytech/si3/qgl/qualituriers/engine/graphics/Sea/MyCanvas.java
/Users/williamdandrea/Library/Mobile Documents/com~apple~CloudDocs/SI3/S6/QGL/pns-si3-qgl-2021-les_qualituriers/engine/src/main/java/fr/unice/polytech/si3/qgl/qualituriers/engine/races/WebRunnerBoat.java
/Users/williamdandrea/Library/Mobile Documents/com~apple~CloudDocs/SI3/S6/QGL/pns-si3-qgl-2021-les_qualituriers/engine/src/main/java/fr/unice/polytech/si3/qgl/qualituriers/engine/graphics/Arc.java
/Users/williamdandrea/Library/Mobile Documents/com~apple~CloudDocs/SI3/S6/QGL/pns-si3-qgl-2021-les_qualituriers/engine/src/main/java/fr/unice/polytech/si3/qgl/qualituriers/engine/graphics/Deck/Deck.java
/Users/williamdandrea/Library/Mobile Documents/com~apple~CloudDocs/SI3/S6/QGL/pns-si3-qgl-2021-les_qualituriers/engine/src/main/java/fr/unice/polytech/si3/qgl/qualituriers/engine/graphics/Deck/DeckCanvas.java
/Users/williamdandrea/Library/Mobile Documents/com~apple~CloudDocs/SI3/S6/QGL/pns-si3-qgl-2021-les_qualituriers/engine/src/main/java/fr/unice/polytech/si3/qgl/qualituriers/engine/graphics/Sea/CheckpointRenderer.java
/Users/williamdandrea/Library/Mobile Documents/com~apple~CloudDocs/SI3/S6/QGL/pns-si3-qgl-2021-les_qualituriers/engine/src/main/java/fr/unice/polytech/si3/qgl/qualituriers/engine/exceptions/SailorNotFoundException.java
/Users/williamdandrea/Library/Mobile Documents/com~apple~CloudDocs/SI3/S6/QGL/pns-si3-qgl-2021-les_qualituriers/engine/src/main/java/fr/unice/polytech/si3/qgl/qualituriers/engine/races/TestPathfinding.java
/Users/williamdandrea/Library/Mobile Documents/com~apple~CloudDocs/SI3/S6/QGL/pns-si3-qgl-2021-les_qualituriers/engine/src/main/java/fr/unice/polytech/si3/qgl/qualituriers/engine/exceptions/SailorAssignmentNotFound.java
/Users/williamdandrea/Library/Mobile Documents/com~apple~CloudDocs/SI3/S6/QGL/pns-si3-qgl-2021-les_qualituriers/engine/src/main/java/fr/unice/polytech/si3/qgl/qualituriers/engine/graphics/Sea/futur/PolygonFuturDraw.java
/Users/williamdandrea/Library/Mobile Documents/com~apple~CloudDocs/SI3/S6/QGL/pns-si3-qgl-2021-les_qualituriers/engine/src/main/java/fr/unice/polytech/si3/qgl/qualituriers/engine/graphics/PathRenderer.java
/Users/williamdandrea/Library/Mobile Documents/com~apple~CloudDocs/SI3/S6/QGL/pns-si3-qgl-2021-les_qualituriers/engine/src/main/java/fr/unice/polytech/si3/qgl/qualituriers/engine/graphics/Sea/futur/CircleFuturDraw.java
/Users/williamdandrea/Library/Mobile Documents/com~apple~CloudDocs/SI3/S6/QGL/pns-si3-qgl-2021-les_qualituriers/engine/src/main/java/fr/unice/polytech/si3/qgl/qualituriers/engine/graphics/Deck/DeckRenderer.java
/Users/williamdandrea/Library/Mobile Documents/com~apple~CloudDocs/SI3/S6/QGL/pns-si3-qgl-2021-les_qualituriers/engine/src/main/java/fr/unice/polytech/si3/qgl/qualituriers/engine/races/Race6.java
/Users/williamdandrea/Library/Mobile Documents/com~apple~CloudDocs/SI3/S6/QGL/pns-si3-qgl-2021-les_qualituriers/engine/src/main/java/fr/unice/polytech/si3/qgl/qualituriers/engine/mechanics/LiftMechanic.java
/Users/williamdandrea/Library/Mobile Documents/com~apple~CloudDocs/SI3/S6/QGL/pns-si3-qgl-2021-les_qualituriers/engine/src/main/java/fr/unice/polytech/si3/qgl/qualituriers/engine/races/Race.java
/Users/williamdandrea/Library/Mobile Documents/com~apple~CloudDocs/SI3/S6/QGL/pns-si3-qgl-2021-les_qualituriers/engine/src/main/java/fr/unice/polytech/si3/qgl/qualituriers/engine/exceptions/WrongSailorMovementException.java
/Users/williamdandrea/Library/Mobile Documents/com~apple~CloudDocs/SI3/S6/QGL/pns-si3-qgl-2021-les_qualituriers/engine/src/main/java/fr/unice/polytech/si3/qgl/qualituriers/engine/graphics/Deck/Icons.java
/Users/williamdandrea/Library/Mobile Documents/com~apple~CloudDocs/SI3/S6/QGL/pns-si3-qgl-2021-les_qualituriers/engine/src/main/java/fr/unice/polytech/si3/qgl/qualituriers/engine/Main.java
/Users/williamdandrea/Library/Mobile Documents/com~apple~CloudDocs/SI3/S6/QGL/pns-si3-qgl-2021-les_qualituriers/engine/src/main/java/fr/unice/polytech/si3/qgl/qualituriers/engine/graphics/Sea/futur/ShapeFuturDraw.java
/Users/williamdandrea/Library/Mobile Documents/com~apple~CloudDocs/SI3/S6/QGL/pns-si3-qgl-2021-les_qualituriers/engine/src/main/java/fr/unice/polytech/si3/qgl/qualituriers/engine/mechanics/WatchMechanic.java
/Users/williamdandrea/Library/Mobile Documents/com~apple~CloudDocs/SI3/S6/QGL/pns-si3-qgl-2021-les_qualituriers/engine/src/main/java/fr/unice/polytech/si3/qgl/qualituriers/engine/graphics/Sea/futur/LineFuturDraw.java
/Users/williamdandrea/Library/Mobile Documents/com~apple~CloudDocs/SI3/S6/QGL/pns-si3-qgl-2021-les_qualituriers/engine/src/main/java/fr/unice/polytech/si3/qgl/qualituriers/engine/mechanics/MovingMechanic.java
/Users/williamdandrea/Library/Mobile Documents/com~apple~CloudDocs/SI3/S6/QGL/pns-si3-qgl-2021-les_qualituriers/engine/src/main/java/fr/unice/polytech/si3/qgl/qualituriers/engine/graphics/Sea/PathRenderer.java
/Users/williamdandrea/Library/Mobile Documents/com~apple~CloudDocs/SI3/S6/QGL/pns-si3-qgl-2021-les_qualituriers/engine/src/main/java/fr/unice/polytech/si3/qgl/qualituriers/engine/TurnConfig.java
/Users/williamdandrea/Library/Mobile Documents/com~apple~CloudDocs/SI3/S6/QGL/pns-si3-qgl-2021-les_qualituriers/engine/src/main/java/fr/unice/polytech/si3/qgl/qualituriers/engine/graphics/Sea/futur/PinFuturDraw.java
